
C:\Users\SKY\Desktop\Ali Davoudi>git init
Initialized empty Git repository in C:/Users/SKY/Desktop/Ali Davoudi/.git/

C:\Users\SKY\Desktop\Ali Davoudi>git add 1.txt

C:\Users\SKY\Desktop\Ali Davoudi>git commit -m "1"
[master (root-commit) 59d9ed9] 1
 1 file changed, 0 insertions(+), 0 deletions(-)
 create mode 100644 1.txt

C:\Users\SKY\Desktop\Ali Davoudi>git checkout -b Davoudi
Switched to a new branch 'Davoudi'

C:\Users\SKY\Desktop\Ali Davoudi>git add 2.txt

C:\Users\SKY\Desktop\Ali Davoudi>git commit -m "2"
[Davoudi ef6172a] 2
 1 file changed, 0 insertions(+), 0 deletions(-)
 create mode 100644 2.txt

C:\Users\SKY\Desktop\Ali Davoudi>git checkout master
Switched to branch 'master'

C:\Users\SKY\Desktop\Ali Davoudi>git add 1.txt

C:\Users\SKY\Desktop\Ali Davoudi>git commit -m "3"
[master df06a2c] 3
 1 file changed, 1 insertion(+)

C:\Users\SKY\Desktop\Ali Davoudi>git checkout Davoudi
Switched to branch 'Davoudi'

C:\Users\SKY\Desktop\Ali Davoudi>git checkout -b 0890281033
Switched to a new branch '0890281033'

C:\Users\SKY\Desktop\Ali Davoudi>git add 3.txt

C:\Users\SKY\Desktop\Ali Davoudi>git commit -m "4"
[0890281033 bd4fadb] 4
 1 file changed, 0 insertions(+), 0 deletions(-)
 create mode 100644 3.txt

C:\Users\SKY\Desktop\Ali Davoudi>git checkout Davoudi
Switched to branch 'Davoudi'

C:\Users\SKY\Desktop\Ali Davoudi>git add 2.txt

C:\Users\SKY\Desktop\Ali Davoudi>git commit -m "5"
[Davoudi e8f6e8d] 5
 1 file changed, 1 insertion(+)

C:\Users\SKY\Desktop\Ali Davoudi>git checkout master
Switched to branch 'master'

C:\Users\SKY\Desktop\Ali Davoudi>git add 1.txt

C:\Users\SKY\Desktop\Ali Davoudi>git commit -m "6"
[master 7f0433f] 6
 1 file changed, 1 insertion(+), 1 deletion(-)

C:\Users\SKY\Desktop\Ali Davoudi>git add 1.txt

C:\Users\SKY\Desktop\Ali Davoudi>git commit -m "7"
[master eb47c15] 7
 1 file changed, 1 insertion(+), 1 deletion(-)

C:\Users\SKY\Desktop\Ali Davoudi>git checkout Davoudi
Switched to branch 'Davoudi'

C:\Users\SKY\Desktop\Ali Davoudi>git merge 0890281033
Merge made by the 'recursive' strategy.
 3.txt | 0
 1 file changed, 0 insertions(+), 0 deletions(-)
 create mode 100644 3.txt

C:\Users\SKY\Desktop\Ali Davoudi>git checkout master
Switched to branch 'master'

C:\Users\SKY\Desktop\Ali Davoudi>git merge Davoudi
Merge made by the 'recursive' strategy.
 2.txt | 1 +
 3.txt | 0
 2 files changed, 1 insertion(+)
 create mode 100644 2.txt
 create mode 100644 3.txt

C:\Users\SKY\Desktop\Ali Davoudi>